******************************************************************************
                  TI ARM Linker Unix v20.2.2                   
******************************************************************************
>> Linked Fri Apr  9 19:02:02 2021

OUTPUT FILE NAME:   <ledAdcPwm.out>
ENTRY POINT SYMBOL: "_c_int00_noargs"  address: 00000b09


MEMORY CONFIGURATION

         name            origin    length      used     unused   attr    fill
----------------------  --------  ---------  --------  --------  ----  --------
  FLASH                 00000000   00040000  00000baa  0003f456  R  X
  SRAM                  20000000   00008000  00000209  00007df7  RW X


SEGMENT ALLOCATION MAP

run origin  load origin   length   init length attrs members
----------  ----------- ---------- ----------- ----- -------
00000000    00000000    00000bb0   00000bb0    r-x
  00000000    00000000    0000026c   0000026c    r-- .intvecs
  0000026c    0000026c    00000926   00000926    r-x .text
  00000b98    00000b98    00000018   00000018    r-- .cinit
20000000    20000000    00000209   00000000    rw-
  20000000    20000000    00000200   00000000    rw- .stack
  20000200    20000200    00000009   00000000    rw- .data


SECTION ALLOCATION MAP

 output                                  attributes/
section   page    origin      length       input sections
--------  ----  ----------  ----------   ----------------
.intvecs   0    00000000    0000026c     
                  00000000    0000026c     tm4c123gh6pm_startup_ccs.obj (.intvecs)

.text      0    0000026c    00000926     
                  0000026c    0000033c     main.obj (.text)
                  000005a8    00000136     rtsv7M4_T_le_v4SPD16_eabi.lib : fd_div_t2.asm.obj (.text)
                  000006de    000000fc                                   : fd_mul_t2.asm.obj (.text)
                  000007da    00000002     --HOLE-- [fill = 0]
                  000007dc    000000f4     driverlib.lib : sysctl.obj (.text:SysCtlClockSet)
                  000008d0    0000009c     rtsv7M4_T_le_v4SPD16_eabi.lib : memcpy_t2.asm.obj (.text)
                  0000096c    0000006e                                   : fd_tos_t2.asm.obj (.text)
                  000009da    00000068                                   : copy_decompress_lzss.c.obj (.text:decompress:lzss:__TI_decompress_lzss)
                  00000a42    00000048                                   : fd_toi_t2.asm.obj (.text)
                  00000a8a    00000002     --HOLE-- [fill = 0]
                  00000a8c    00000044                                   : autoinit.c.obj (.text:__TI_auto_init_nobinit_nopinit:__TI_auto_init_nobinit_nopinit)
                  00000ad0    00000038                                   : fs_tod_t2.asm.obj (.text)
                  00000b08    00000034                                   : boot_cortex_m.c.obj (.text:_c_int00_noargs:_c_int00_noargs)
                  00000b3c    0000002e                                   : i_tofd_t2.asm.obj (.text)
                  00000b6a    0000000e                                   : copy_decompress_none.c.obj (.text:decompress:none:__TI_decompress_none)
                  00000b78    0000000c     tm4c123gh6pm_startup_ccs.obj (.text)
                  00000b84    00000006     driverlib.lib : sysctl.obj (.text:SysCtlDelay)
                  00000b8a    00000004     rtsv7M4_T_le_v4SPD16_eabi.lib : pre_init.c.obj (.text:_system_pre_init)
                  00000b8e    00000004                                   : exit.c.obj (.text:abort:abort)

.cinit     0    00000b98    00000018     
                  00000b98    00000008     (__TI_handler_table)
                  00000ba0    00000007     (.cinit..data.load) [load image, compression = lzss]
                  00000ba7    00000001     --HOLE-- [fill = 0]
                  00000ba8    00000008     (__TI_cinit_table)

.init_array 
*          0    00000000    00000000     UNINITIALIZED

.data      0    20000200    00000009     UNINITIALIZED
                  20000200    00000009     main.obj (.data)

.stack     0    20000000    00000200     UNINITIALIZED
                  20000000    00000004     rtsv7M4_T_le_v4SPD16_eabi.lib : boot_cortex_m.c.obj (.stack)
                  20000004    000001fc     --HOLE--

__llvm_prf_cnts 
*          0    20000000    00000000     UNINITIALIZED

MODULE SUMMARY

       Module                         code   ro data   rw data
       ------                         ----   -------   -------
    ./
       main.obj                       828    0         9      
       tm4c123gh6pm_startup_ccs.obj   12     620       0      
    +--+------------------------------+------+---------+---------+
       Total:                         840    620       9      
                                                              
    /opt/ti/SW-TM4C-2.2.0.295/driverlib/ccs/Debug/driverlib.lib
       sysctl.obj                     250    0         0      
    +--+------------------------------+------+---------+---------+
       Total:                         250    0         0      
                                                              
    /opt/ti/ccs1020/ccs/tools/compiler/ti-cgt-arm_20.2.2.LTS/lib/rtsv7M4_T_le_v4SPD16_eabi.lib
       fd_div_t2.asm.obj              310    0         0      
       fd_mul_t2.asm.obj              252    0         0      
       memcpy_t2.asm.obj              156    0         0      
       fd_tos_t2.asm.obj              110    0         0      
       copy_decompress_lzss.c.obj     104    0         0      
       fd_toi_t2.asm.obj              72     0         0      
       autoinit.c.obj                 68     0         0      
       fs_tod_t2.asm.obj              56     0         0      
       boot_cortex_m.c.obj            52     0         0      
       i_tofd_t2.asm.obj              46     0         0      
       copy_decompress_none.c.obj     14     0         0      
       exit.c.obj                     4      0         0      
       pre_init.c.obj                 4      0         0      
    +--+------------------------------+------+---------+---------+
       Total:                         1248   0         0      
                                                              
       Stack:                         0      0         512    
       Linker Generated:              0      23        0      
    +--+------------------------------+------+---------+---------+
       Grand Total:                   2338   643       521    


LINKER GENERATED COPY TABLES

__TI_cinit_table @ 00000ba8 records: 1, size/record: 8, table size: 8
	.data: load addr=00000ba0, load size=00000007 bytes, run addr=20000200, run size=00000009 bytes, compression=lzss


LINKER GENERATED HANDLER TABLE

__TI_handler_table @ 00000b98 records: 2, size/record: 4, table size: 8
	index: 0, handler: __TI_decompress_lzss
	index: 1, handler: __TI_decompress_none


GLOBAL SYMBOLS: SORTED ALPHABETICALLY BY Name 

address   name                          
-------   ----                          
00000b8f  C$$EXIT                       
00000b79  ResetISR                      
000007dd  SysCtlClockSet                
00000b85  SysCtlDelay                   
20000200  __STACK_END                   
00000200  __STACK_SIZE                  
20000200  __STACK_TOP                   
00000ba8  __TI_CINIT_Base               
00000bb0  __TI_CINIT_Limit              
00000b98  __TI_Handler_Table_Base       
00000ba0  __TI_Handler_Table_Limit      
00000a8d  __TI_auto_init_nobinit_nopinit
000009db  __TI_decompress_lzss          
00000b6b  __TI_decompress_none          
ffffffff  __TI_pprof_out_hndl           
ffffffff  __TI_prof_data_size           
ffffffff  __TI_prof_data_start          
00000000  __TI_static_base__            
0000096d  __aeabi_d2f                   
00000a43  __aeabi_d2iz                  
000005a9  __aeabi_ddiv                  
000006df  __aeabi_dmul                  
00000ad1  __aeabi_f2d                   
00000b3d  __aeabi_i2d                   
000008d1  __aeabi_memcpy                
000008d1  __aeabi_memcpy4               
000008d1  __aeabi_memcpy8               
ffffffff  __binit__                     
ffffffff  __c_args__                    
UNDEFED   __mpu_init                    
20000000  __stack                       
20000000  __start___llvm_prf_cnts       
20000000  __stop___llvm_prf_cnts        
00000b09  _c_int00_noargs               
UNDEFED   _system_post_cinit            
00000b8b  _system_pre_init              
00000b8f  abort                         
000002bb  adc0ss3_handler               
20000204  adc_percent                   
20000200  adc_read                      
ffffffff  binit                         
00000489  conv_to_percent               
00000000  g_pfnVectors                  
0000026d  main                          
000008d1  memcpy                        
000004b5  set_duty                      
0000037d  setup_adc0                    
000002f5  setup_gpio                    
00000411  setup_pwm                     
00000315  setup_timer0                  
00000287  timer0_handler                


GLOBAL SYMBOLS: SORTED BY Symbol Address 

address   name                          
-------   ----                          
00000000  __TI_static_base__            
00000000  g_pfnVectors                  
00000200  __STACK_SIZE                  
0000026d  main                          
00000287  timer0_handler                
000002bb  adc0ss3_handler               
000002f5  setup_gpio                    
00000315  setup_timer0                  
0000037d  setup_adc0                    
00000411  setup_pwm                     
00000489  conv_to_percent               
000004b5  set_duty                      
000005a9  __aeabi_ddiv                  
000006df  __aeabi_dmul                  
000007dd  SysCtlClockSet                
000008d1  __aeabi_memcpy                
000008d1  __aeabi_memcpy4               
000008d1  __aeabi_memcpy8               
000008d1  memcpy                        
0000096d  __aeabi_d2f                   
000009db  __TI_decompress_lzss          
00000a43  __aeabi_d2iz                  
00000a8d  __TI_auto_init_nobinit_nopinit
00000ad1  __aeabi_f2d                   
00000b09  _c_int00_noargs               
00000b3d  __aeabi_i2d                   
00000b6b  __TI_decompress_none          
00000b79  ResetISR                      
00000b85  SysCtlDelay                   
00000b8b  _system_pre_init              
00000b8f  C$$EXIT                       
00000b8f  abort                         
00000b98  __TI_Handler_Table_Base       
00000ba0  __TI_Handler_Table_Limit      
00000ba8  __TI_CINIT_Base               
00000bb0  __TI_CINIT_Limit              
20000000  __stack                       
20000000  __start___llvm_prf_cnts       
20000000  __stop___llvm_prf_cnts        
20000200  __STACK_END                   
20000200  __STACK_TOP                   
20000200  adc_read                      
20000204  adc_percent                   
ffffffff  __TI_pprof_out_hndl           
ffffffff  __TI_prof_data_size           
ffffffff  __TI_prof_data_start          
ffffffff  __binit__                     
ffffffff  __c_args__                    
ffffffff  binit                         
UNDEFED   __mpu_init                    
UNDEFED   _system_post_cinit            

[51 symbols]
